// Jest Snapshot v1, https://goo.gl/fbAQLP

exports[`DeployErrorDialog - ModuleIsNotAdded should render without crashing 1`] = `
Object {
  "body": <React.Fragment>
    <p>
      The file 
      <code>
        module
      </code>
       has not been added to the repo.
    </p>
    <p>
      Please add it and push to GitHub to continue.
    </p>
  </React.Fragment>,
  "title": "Unable to deploy app",
}
`;
