// Jest Snapshot v1, https://goo.gl/fbAQLP

exports[`DeployErrorDialog - NoRepositoryDetected should render without crashing 1`] = `
Object {
  "body": <React.Fragment>
    <p>
      Could not find a remote repository hosted on GitHub. Are you sure you are on a branch that is tracking a remote GitHub branch?
    </p>
    <p>
      How Streamlit Cloud works:
    </p>
    <ul>
      <li>
        To deploy a public app, you must first put it in a public GitHub repo. See
         
        <a
          href="https://docs.streamlit.io"
          rel="noopener noreferrer"
          target="_blank"
        >
          our documentation
        </a>
         
        for more details.
      </li>
      <li>
        If you'd like to deploy a private app,
         
        <a
          href="https://streamlit.io/for-teams"
          rel="noopener noreferrer"
          target="_blank"
        >
          sign up for Streamlit for Teams
        </a>
        .
      </li>
    </ul>
  </React.Fragment>,
  "title": "Unable to deploy app",
}
`;
